[
  {
    "type": "block_metadata_transaction",
    "version": "15",
    "hash": "0x526dca3f488f89090179d243fe8e787f2c66fdfc99eb9a1e09efa437fdbfa9ec",
    "state_root_hash": "0x3f155e0fbb73f1cb69983123b3ef1206f66cf9ee96c8e89fcb698315f3610528",
    "event_root_hash": "0x6c3d8aa1ace74dab4f40a0eeb7129623f7ae87c786c542463bedae4e578d1a38",
    "gas_used": "0",
    "success": true,
    "vm_status": "Executed successfully",
    "accumulator_root_hash": "0x84739729742125e8c8f6584c75b5d9d4a4af480476a76f7cd073f91e469cf476",
    "id": "0x4a876b463d1297603568c40e814d9d5396d23087a0fd641e91e0e00df6c012cd",
    "round": "1",
    "previous_block_votes": [],
    "proposer": "0x652f27413456938eaa059f65231647cc",
    "timestamp": "8"
  },
  {
    "type": "user_transaction",
    "version": "16",
    "hash": "0x8a05534f235f3fa3fc7677944094c0832fbb93105d78656c8d03f097bfbf46ca",
    "state_root_hash": "0x107b24117afd66379bf46224317dc9ecbbe4a24e88df000ee39b195803d8a6cd",
    "event_root_hash": "0x414343554d554c41544f525f504c414345484f4c4445525f4841534800000000",
    "gas_used": "412",
    "success": true,
    "vm_status": "Executed successfully",
    "accumulator_root_hash": "0xc6437db1d737cb226b4c3e83de24abc5537fda265dac10b71ee638fae2043c24",
    "sender": "0xa550c18",
    "sequence_number": "7",
    "max_gas_amount": "1000",
    "gas_unit_price": "0",
    "gas_currency_code": "XUS",
    "expiration_timestamp_secs": "18446744073709551615",
    "payload": {
      "type": "script_function_payload",
      "function": "0x1::AptosAccount::create_account",
      "type_arguments": [],
      "arguments": [
        "0x8547d921c8b210ec95e9a8c29ce83623",
        "0xfe1cab73ed03ccbb39ff2fe7763584f8e713918c55a91eb96590b1560bd61cd200"
      ]
    },
    "signature": {
      "type": "ed25519_signature",
      "public_key": "0xb9c6ee1630ef3e711144a648db06bbb2284f7274cfbee53ffcee503cc1a49200",
      "signature": "0xcf283730ea7efa30166c5340243a057427d73e25ce02c9c0f321aeeefbe0dca3b2d0c3f934fa971780e58c32f764488dd329f618b2bda60f477f17a6ae88ee02"
    },
    "events": [],
    "timestamp": "8"
  },
  {
    "type": "block_metadata_transaction",
    "version": "17",
    "hash": "0x2c4acb5ac07a31891ca4db42c4ae786ac1d671f73b7e3b37dabaf47a97fc8fba",
    "state_root_hash": "0x92251b6ebf6592bc83bcb91857fae7a3b2e5c842459605aa4e43a62015c03e34",
    "event_root_hash": "0xf1bcfce3d7626a09cda5e23e2fa9a9b758f1bda9785f508d546f515752b3d934",
    "gas_used": "0",
    "success": true,
    "vm_status": "Executed successfully",
    "accumulator_root_hash": "0x257fcd76095845450aa85ec526a322644e50d7be2c7290576bc49c68c9cfb333",
    "id": "0x464b5ca6488b897c005b2e17f00fc0bc8e7ed3f2ab59d607b0e3586bda1cda4e",
    "round": "1",
    "previous_block_votes": [],
    "proposer": "0x652f27413456938eaa059f65231647cc",
    "timestamp": "9"
  },
  {
    "type": "user_transaction",
    "version": "18",
    "hash": "0x10a511caf5aca7ae7360a50d873b20e37bfec6e63d03c8fa806616fc8b562ec7",
    "state_root_hash": "0xb4f5eeb9c028da3966b643f8f0bb193fa4ddc385fc9dd8f88dcecbeb0b392945",
    "event_root_hash": "0x414343554d554c41544f525f504c414345484f4c4445525f4841534800000000",
    "gas_used": "412",
    "success": true,
    "vm_status": "Executed successfully",
    "accumulator_root_hash": "0x62d9d0b70460c06fa9caa621cbd86fa58777c12fee105fa03ce76ef3698cb7fe",
    "sender": "0xa550c18",
    "sequence_number": "8",
    "max_gas_amount": "1000",
    "gas_unit_price": "0",
    "gas_currency_code": "XUS",
    "expiration_timestamp_secs": "18446744073709551615",
    "payload": {
      "type": "script_function_payload",
      "function": "0x1::AptosAccount::create_account",
      "type_arguments": [],
      "arguments": [
        "0xcfcd641696135b76cd1cbf28f79e134c",
        "0xcc94f7e7e252620621a3d528d2e2dd39ec89bccac07c0b6044c77fb53fcbe58200"
      ]
    },
    "signature": {
      "type": "ed25519_signature",
      "public_key": "0xb9c6ee1630ef3e711144a648db06bbb2284f7274cfbee53ffcee503cc1a49200",
      "signature": "0x54b6fef3618d9824c3d65d1893ff4ac7b3306c44a62189e587a7121860b8a1b92321ad0a1986f9f842f002517435320f1c7bfc567be8286645764b8a7c5d9d01"
    },
    "events": [],
    "timestamp": "9"
  },
  {
    "type": "block_metadata_transaction",
    "version": "19",
    "hash": "0x3aa88bc95e6b60c1a41dc06abc106c983f487bda452d0cd50e59e15f044652b4",
    "state_root_hash": "0x6e08cd38cdb7206c52b6f66830120b760887b6f6779e098828b62690dd63cd23",
    "event_root_hash": "0x3b26c6f98fb85be5f5e1821caa69040e2bf3a5e4d53e5f6dcc0cbbe41b460ddd",
    "gas_used": "0",
    "success": true,
    "vm_status": "Executed successfully",
    "accumulator_root_hash": "0x32391a0498bb0cbc5e2f7d64a76ce967dcfcd926cc3a8cbe347d714a20bd2b32",
    "id": "0x19d258b113d8e3e12bca2aa612b304ece5b25988818dd7234e049913233eb918",
    "round": "1",
    "previous_block_votes": [],
    "proposer": "0x652f27413456938eaa059f65231647cc",
    "timestamp": "10"
  },
  {
    "type": "user_transaction",
    "version": "20",
    "hash": "0x93c693e55705b30dc37c6d53d0b481c9baab5602dd8202bb4cb5a745a7f134e2",
    "state_root_hash": "0xee275f10ba7f424dfef72f74c19e34414995b54cbe550ae2872d3bf3b08114cf",
    "event_root_hash": "0x414343554d554c41544f525f504c414345484f4c4445525f4841534800000000",
    "gas_used": "412",
    "success": true,
    "vm_status": "Executed successfully",
    "accumulator_root_hash": "0x78446255c738df65d5549181f474166c733cadda0cc6bc59b67b6bfc758310c2",
    "sender": "0xa550c18",
    "sequence_number": "9",
    "max_gas_amount": "1000",
    "gas_unit_price": "0",
    "gas_currency_code": "XUS",
    "expiration_timestamp_secs": "18446744073709551615",
    "payload": {
      "type": "script_function_payload",
      "function": "0x1::AptosAccount::create_account",
      "type_arguments": [],
      "arguments": [
        "0xd5c6bedea6f4cafe97677ac6e39d7333",
        "0xcdc0e9ef90da94053246561659802a50c17bae7a60c4069af35f061e19f3e2b800"
      ]
    },
    "signature": {
      "type": "ed25519_signature",
      "public_key": "0xb9c6ee1630ef3e711144a648db06bbb2284f7274cfbee53ffcee503cc1a49200",
      "signature": "0x0e633461a3492821d0b92d83dbdf6346598aa70aa4470af823aba77dec7c58caa9ddc143675b163e63e6436971f0c56acde3e6a8c0b7d82ef0112d15aa17990a"
    },
    "events": [],
    "timestamp": "10"
  },
  {
    "type": "block_metadata_transaction",
    "version": "21",
    "hash": "0x9e4b0d58dad4ed32e0a63b37019b0172d2adf4fd478d84b05ff69f0fdf62d045",
    "state_root_hash": "0x6dd92be9c60809839f524474f7cb924fe63b8da09451b6bc46117e07cc3baacd",
    "event_root_hash": "0xfb181ebfdf6dfe3146f550cb75fb74e3c113941e0ef4d55a21645fda801c36e0",
    "gas_used": "0",
    "success": true,
    "vm_status": "Executed successfully",
    "accumulator_root_hash": "0x8e1922fe6d7809ebd0e3903b94c007daab717bf83afa937be0f7a1bec66923c6",
    "id": "0xb99003d30a245ac74a02e26e45cb80ee1b9c00a93345ce5f12bea9ffe04748d6",
    "round": "1",
    "previous_block_votes": [],
    "proposer": "0x652f27413456938eaa059f65231647cc",
    "timestamp": "11"
  },
  {
    "type": "user_transaction",
    "version": "22",
    "hash": "0x08067cab07ee25c3290d79905a34e1c45ada7b969a09266af0440fa29779dfc3",
    "state_root_hash": "0xf608182a23b5d1189d101d485c93bd05cc64d2d5186c895ed3bd1ff2b35eb7b7",
    "event_root_hash": "0x414343554d554c41544f525f504c414345484f4c4445525f4841534800000000",
    "gas_used": "412",
    "success": true,
    "vm_status": "Executed successfully",
    "accumulator_root_hash": "0x04f005c9c17d6fbd66541f9272fa9cde2a3c2dfd1a7865d3b02d1edecb80244f",
    "sender": "0xa550c18",
    "sequence_number": "10",
    "max_gas_amount": "1000",
    "gas_unit_price": "0",
    "gas_currency_code": "XUS",
    "expiration_timestamp_secs": "18446744073709551615",
    "payload": {
      "type": "script_function_payload",
      "function": "0x1::AptosAccount::create_account",
      "type_arguments": [],
      "arguments": [
        "0x1232c8cbdd579ba57478b26e5876da5f",
        "0x29efcd781cecc53312e7bfd8b14341eac68b2e3041f6ab8e5ad36766dd44b02000"
      ]
    },
    "signature": {
      "type": "ed25519_signature",
      "public_key": "0xb9c6ee1630ef3e711144a648db06bbb2284f7274cfbee53ffcee503cc1a49200",
      "signature": "0x2650c42a528d9b88d822e99b346237cfbbc22664ac8acf3f567fc1b5ce330460181b437b38d80f25f5d854b9ac3763737866508b9d622b07fe2b219ba81d7103"
    },
    "events": [],
    "timestamp": "11"
  },
  {
    "type": "block_metadata_transaction",
    "version": "23",
    "hash": "0x30525d15813aea2cb40d7d25c89f4cbaf41edd17b2efa04d39fafd934be04bda",
    "state_root_hash": "0x9cffd06ce299032ba8c81c712c6fc647c7cef902ad8dc672879e01e6de0a4e78",
    "event_root_hash": "0x38bfe3d146f65c7a7eb998d09a74d2c777200d6df9ed12e4dcdd9e5bc259bb18",
    "gas_used": "0",
    "success": true,
    "vm_status": "Executed successfully",
    "accumulator_root_hash": "0x073b6cd04e003492ab250831957e0bff3bbd8f505f8bda010cef349f683f823b",
    "id": "0xea95b8f9082c10620c0d6e3fc9596b4538d0dc24bec371bb3e4634561f8892e6",
    "round": "1",
    "previous_block_votes": [],
    "proposer": "0x652f27413456938eaa059f65231647cc",
    "timestamp": "12"
  },
  {
    "type": "user_transaction",
    "version": "24",
    "hash": "0xef904d2e3cfad82e8cef84c80c8df5da87faf2dfcd8eea6b8930b99741f67267",
    "state_root_hash": "0x3a56eea50715afc2b58748645868b8ff012a5a62b3de69efd1f75c7cd6531a47",
    "event_root_hash": "0x414343554d554c41544f525f504c414345484f4c4445525f4841534800000000",
    "gas_used": "412",
    "success": true,
    "vm_status": "Executed successfully",
    "accumulator_root_hash": "0xe1c81c470c1b4f88d6f0b3e6ae1ac7067601bdb5f55d23b2db0dab2edf73419b",
    "sender": "0xa550c18",
    "sequence_number": "11",
    "max_gas_amount": "1000",
    "gas_unit_price": "0",
    "gas_currency_code": "XUS",
    "expiration_timestamp_secs": "18446744073709551615",
    "payload": {
      "type": "script_function_payload",
      "function": "0x1::AptosAccount::create_account",
      "type_arguments": [],
      "arguments": [
        "0xbfd43be9f8c75bbdca45560958bc65a9",
        "0x3a61e2bd269af39e423b1db47ee68460b30f95dd622bc8db3ffaa0100ab79c9b00"
      ]
    },
    "signature": {
      "type": "ed25519_signature",
      "public_key": "0xb9c6ee1630ef3e711144a648db06bbb2284f7274cfbee53ffcee503cc1a49200",
      "signature": "0xcf401842a53458a48235494947f7958a0ae72bc009eeda46bb55db23818d1e999c0455ffabadc87d8db25770e2523ae4c5d49c9b7548729172c005fffca66405"
    },
    "events": [],
    "timestamp": "12"
  },
  {
    "type": "block_metadata_transaction",
    "version": "25",
    "hash": "0x1f09eea045f1f87f558b62ea7d5a65bd00456340568af52c24c9796ef18f18c5",
    "state_root_hash": "0xc98c9fed5554c6181931c7ccd0e1cadb18320c2a413d9aa6136b41ad7c1dc51d",
    "event_root_hash": "0x43a5e9de1e8e3f0d7917c931aa3f294bd9d5f0bcb347ca96589880de8f1410b5",
    "gas_used": "0",
    "success": true,
    "vm_status": "Executed successfully",
    "accumulator_root_hash": "0x473c7d873f3ab92defca7a748eb5bc7e07bf0f03dc784302c7e6df08e8bec6d0",
    "id": "0xa229ec3dd885442b44972526c4e8ce25a0416c3955d818bb1ab0e832877d6282",
    "round": "1",
    "previous_block_votes": [],
    "proposer": "0x652f27413456938eaa059f65231647cc",
    "timestamp": "13"
  },
  {
    "type": "user_transaction",
    "version": "26",
    "hash": "0x6cf91160635a94d14633031255309023c4489a09a834d8815146ad4f4de184d8",
    "state_root_hash": "0x059f34205643fcee9642175f5cf500f3c622b0fe04c81b0a58425ad3556889e8",
    "event_root_hash": "0x414343554d554c41544f525f504c414345484f4c4445525f4841534800000000",
    "gas_used": "412",
    "success": true,
    "vm_status": "Executed successfully",
    "accumulator_root_hash": "0xa1544cb96dad6b6c1ff194841cbb673a16ae8b00a45347b9f080537f4559245a",
    "sender": "0xa550c18",
    "sequence_number": "12",
    "max_gas_amount": "1000",
    "gas_unit_price": "0",
    "gas_currency_code": "XUS",
    "expiration_timestamp_secs": "18446744073709551615",
    "payload": {
      "type": "script_function_payload",
      "function": "0x1::AptosAccount::create_account",
      "type_arguments": [],
      "arguments": [
        "0xfaa9cef6cf313477409c6ca6462bdbec",
        "0x899534e95e09903759622fa4013a7daaa97d52b49e6205ae583f6321c8487a8300"
      ]
    },
    "signature": {
      "type": "ed25519_signature",
      "public_key": "0xb9c6ee1630ef3e711144a648db06bbb2284f7274cfbee53ffcee503cc1a49200",
      "signature": "0x058f8d22b61817ca2890d35a3830494e2038f0b9ca9e6f306da42e160114f69d5966d17c09c9e5f5c59a2da4a0170d8d0c5db7d05feb41054df7d8f2f9ae9608"
    },
    "events": [],
    "timestamp": "13"
  },
  {
    "type": "block_metadata_transaction",
    "version": "27",
    "hash": "0xf3baeed96e40daf862d3ca52fae430ff5e2d6cc8e0022d384c4949a1a6d60954",
    "state_root_hash": "0xe1940bf87e94573e96a0ee105b797a22e7d0683a8bb9e7c23a28a6e66cbf7a33",
    "event_root_hash": "0xae543232b97e050982a5bdf360fa239a1f2e9d74d86d1f4bfcaf455160f1db4c",
    "gas_used": "0",
    "success": true,
    "vm_status": "Executed successfully",
    "accumulator_root_hash": "0x0827bf2e8686bb33d50d1a201f1d3343e80200079d17ba67ecd3c1ea3c66d13a",
    "id": "0x80ec4f332f4d1a6742c537f2bb32473b01b1dcb1caac942722a4787bb185e479",
    "round": "1",
    "previous_block_votes": [],
    "proposer": "0x652f27413456938eaa059f65231647cc",
    "timestamp": "14"
  },
  {
    "type": "user_transaction",
    "version": "28",
    "hash": "0xcb4d3bf486a72c04e0deaedfe47a7008bcf93a1f7c3334334060980781831fb9",
    "state_root_hash": "0x4f889ddd3f8dfdb6ed47cfffeaca271ba72ac2a4810e58436545e24ccee6a7ca",
    "event_root_hash": "0x414343554d554c41544f525f504c414345484f4c4445525f4841534800000000",
    "gas_used": "412",
    "success": true,
    "vm_status": "Executed successfully",
    "accumulator_root_hash": "0x654ec6a673752c3da0a13469a284c7ff138a77ef5dc943ee2c4e6c50ca50ee9b",
    "sender": "0xa550c18",
    "sequence_number": "13",
    "max_gas_amount": "1000",
    "gas_unit_price": "0",
    "gas_currency_code": "XUS",
    "expiration_timestamp_secs": "18446744073709551615",
    "payload": {
      "type": "script_function_payload",
      "function": "0x1::AptosAccount::create_account",
      "type_arguments": [],
      "arguments": [
        "0x5b997e19c80a36a9eccea767b263f2a4",
        "0x817e8d554950eed55a5f8006abb83777b3811df50e59a39ec3a16fad30158e6600"
      ]
    },
    "signature": {
      "type": "ed25519_signature",
      "public_key": "0xb9c6ee1630ef3e711144a648db06bbb2284f7274cfbee53ffcee503cc1a49200",
      "signature": "0xb9acba98cacfd2f9039bfce8dcdfc9d591995b6b0784e87cfe000f2b3346350077886a9d19f44237996a77040f101d0400b5594e1e1363ae1b1b4539e52b690d"
    },
    "events": [],
    "timestamp": "14"
  },
  {
    "type": "block_metadata_transaction",
    "version": "29",
    "hash": "0x8ea6dccd9cdcafcfc0caed82283e4f992672cffaf4af0f10e04b943e3338824a",
    "state_root_hash": "0x5e583cf99594fdd7c33f38710040b76475d49d61d7dd3f84a186e715a18b84e7",
    "event_root_hash": "0x1bf1a8ab4108b3d0a76bbc2bdbcaa33991599ad70b431f71148b614ed0816c49",
    "gas_used": "0",
    "success": true,
    "vm_status": "Executed successfully",
    "accumulator_root_hash": "0x667a085b8d2b0e773a3fc7174f178f3f558fd9ebe4413ab52ec4b249ac5b525f",
    "id": "0x842f736ab973e87f53b4857842789a1dd59167629b3c5cabe47dbf48827ec081",
    "round": "1",
    "previous_block_votes": [],
    "proposer": "0x652f27413456938eaa059f65231647cc",
    "timestamp": "15"
  },
  {
    "type": "user_transaction",
    "version": "30",
    "hash": "0xc9edcf47303d23974987d991caae20cc3191d138206a1b9d5c2411daaa752c67",
    "state_root_hash": "0x19ae716d942e54e7c2766dc4b150321cf82e965e6ddd2d8fa85e056bec3c1e83",
    "event_root_hash": "0x414343554d554c41544f525f504c414345484f4c4445525f4841534800000000",
    "gas_used": "412",
    "success": true,
    "vm_status": "Executed successfully",
    "accumulator_root_hash": "0x329c1c642681925181984c17855fd16deabfeb6fdd260808cfad4dd26e57ff9c",
    "sender": "0xa550c18",
    "sequence_number": "14",
    "max_gas_amount": "1000",
    "gas_unit_price": "0",
    "gas_currency_code": "XUS",
    "expiration_timestamp_secs": "18446744073709551615",
    "payload": {
      "type": "script_function_payload",
      "function": "0x1::AptosAccount::create_account",
      "type_arguments": [],
      "arguments": [
        "0xe94a75bf429a1e83bc2f5f605780c345",
        "0xf87e6ecf5be8befde61d985237a748eea73b5ea001a8d7f22fdc9f6486a83e3a00"
      ]
    },
    "signature": {
      "type": "ed25519_signature",
      "public_key": "0xb9c6ee1630ef3e711144a648db06bbb2284f7274cfbee53ffcee503cc1a49200",
      "signature": "0x503301bc22fbbf7653b6859156ecba6d1e7767d6f91ec8494fb2cb2ff05372681f26d7fd25c108541a17f1c63f70a6be9ea14442ce99d3de467970b7cc781903"
    },
    "events": [],
    "timestamp": "15"
  },
  {
    "type": "block_metadata_transaction",
    "version": "31",
    "hash": "0xaf987802bd15fcd766b9bc1f420d110bb0732c35222bfd57b298a869ff45362d",
    "state_root_hash": "0x2f34c2a4e5ee7fe892e58ed8588ed070607278f10db3dfeeb4c7cc569af4a0c6",
    "event_root_hash": "0xc6bca78d15e068b3bf4a622e1ccc5280d4836a49ba08637ad17cdc4d7c866890",
    "gas_used": "0",
    "success": true,
    "vm_status": "Executed successfully",
    "accumulator_root_hash": "0x0cdeccc35666d28d4475e666aa4879597ed7c1d3942b4e495deb95890752a848",
    "id": "0x3beda43d6e9f9b1b1bc44cdfce3574e7f7f0b2de2323a06ebc356bad614726b3",
    "round": "1",
    "previous_block_votes": [],
    "proposer": "0x652f27413456938eaa059f65231647cc",
    "timestamp": "16"
  },
  {
    "type": "user_transaction",
    "version": "32",
    "hash": "0xec40e61a4f3aea286fb7b9067511df76c81f8536e78840da64167b437d79b7ff",
    "state_root_hash": "0x6ae6a6189991402f83ff4cec23ed57bd41a6e8e5adb05fffbb3e0afe9cb44ecc",
    "event_root_hash": "0x414343554d554c41544f525f504c414345484f4c4445525f4841534800000000",
    "gas_used": "412",
    "success": true,
    "vm_status": "Executed successfully",
    "accumulator_root_hash": "0xfdcdd6af1169d9fc0e8731ed859b87058370bd3585acf5e341fa14f38e6bc029",
    "sender": "0xa550c18",
    "sequence_number": "15",
    "max_gas_amount": "1000",
    "gas_unit_price": "0",
    "gas_currency_code": "XUS",
    "expiration_timestamp_secs": "18446744073709551615",
    "payload": {
      "type": "script_function_payload",
      "function": "0x1::AptosAccount::create_account",
      "type_arguments": [],
      "arguments": [
        "0x8797e5ab659071fc7f4ed8285963fbbc",
        "0xb7846b6adb66fd34aba8733746ec605adfc8f9e2abe66482619f6a9699b6152b00"
      ]
    },
    "signature": {
      "type": "ed25519_signature",
      "public_key": "0xb9c6ee1630ef3e711144a648db06bbb2284f7274cfbee53ffcee503cc1a49200",
      "signature": "0x0fdf01f454cdb70d014bf7b31d1515811f04d0bdf77bf20de98d566abef47d080116d94d88618cbfbe21528da589d414f0a70508591369f46f8f9abe9625a400"
    },
    "events": [],
    "timestamp": "16"
  },
  {
    "type": "block_metadata_transaction",
    "version": "33",
    "hash": "0x51e74334d0f0accc25074289e9ac48730bd39d902ddbc4d47992ef545c8989e8",
    "state_root_hash": "0xe731dd777ecb0f78b98a927ec22dc6ba1ed7cdc4eafcd14ba4483927218e94b7",
    "event_root_hash": "0x6a149f5dc226a02c6126e711a85681b6db4e66b3d5a3895db7a8bea1298df525",
    "gas_used": "0",
    "success": true,
    "vm_status": "Executed successfully",
    "accumulator_root_hash": "0x2f489fe604e73cfbf1496a86de1667cbefb9fcda01f8638b038b45a6ec5cca30",
    "id": "0x755687120a7c6df2389c373c8fbe06bda7a61120652668dd5687fee73fac7a2c",
    "round": "1",
    "previous_block_votes": [],
    "proposer": "0x652f27413456938eaa059f65231647cc",
    "timestamp": "17"
  },
  {
    "type": "user_transaction",
    "version": "34",
    "hash": "0x40b4b1814a9a96fcf2627d553b07546bfe0da54bf5dc0af3b65e9dda08b28057",
    "state_root_hash": "0x9a5e8615bb801129451a1e3b51e668993e0acf9ad1f9487a04eda366988f37ce",
    "event_root_hash": "0x414343554d554c41544f525f504c414345484f4c4445525f4841534800000000",
    "gas_used": "412",
    "success": true,
    "vm_status": "Executed successfully",
    "accumulator_root_hash": "0x6cecf49921f9f0f1d9dbfb55dd1a4459685f59f76863f67d0583596b4924b407",
    "sender": "0xa550c18",
    "sequence_number": "16",
    "max_gas_amount": "1000",
    "gas_unit_price": "0",
    "gas_currency_code": "XUS",
    "expiration_timestamp_secs": "18446744073709551615",
    "payload": {
      "type": "script_function_payload",
      "function": "0x1::AptosAccount::create_account",
      "type_arguments": [],
      "arguments": [
        "0x711d07e26b682d3f8b6bb9f6fa804332",
        "0xd1018fc096da5fe0f58b1758ec1a72f226fd6ab70158554816cd4bb62f2610d000"
      ]
    },
    "signature": {
      "type": "ed25519_signature",
      "public_key": "0xb9c6ee1630ef3e711144a648db06bbb2284f7274cfbee53ffcee503cc1a49200",
      "signature": "0x1d91b9d2c7102b4cfa2af11a51a0105afddd83340f9f2cbcfa075c7c5233d75460779a6bf13a0c3a1fa8e3aef249307042bb0348a63e29bbe91cdf2c058e5b0f"
    },
    "events": [],
    "timestamp": "17"
  },
  {
    "type": "block_metadata_transaction",
    "version": "35",
    "hash": "0x8046e0a73d533a560f321416a55a4100db149db8299ac3111837b7745945332a",
    "state_root_hash": "0xa019b04c8368eb2181cff12a49186f55be7d9c709cdd79a2097d93fcfd6958c2",
    "event_root_hash": "0x2d346b0a3ba273d3fe32da10ef6e10556d6d9965133de9c30c3789113c5aaa02",
    "gas_used": "0",
    "success": true,
    "vm_status": "Executed successfully",
    "accumulator_root_hash": "0xae5cc1ee5a00f88870ba619dad4e5b117dfc55c52627b6c091a6d964ceb1b3bf",
    "id": "0x430d191fbc937d42f74104aa291871f4b9d120f76583a1da5d1123f2b8a0ac60",
    "round": "1",
    "previous_block_votes": [],
    "proposer": "0x652f27413456938eaa059f65231647cc",
    "timestamp": "18"
  },
  {
    "type": "user_transaction",
    "version": "36",
    "hash": "0x81f6800a068df0b5ce868b3ef6e5ba03cfbe30e09b09a99fd84f77a2678a6544",
    "state_root_hash": "0x7ae695189e3ba85589f443500da090435c8f3a8a9814bbad91b6d4cbb4cfdc69",
    "event_root_hash": "0x414343554d554c41544f525f504c414345484f4c4445525f4841534800000000",
    "gas_used": "412",
    "success": true,
    "vm_status": "Executed successfully",
    "accumulator_root_hash": "0xbfc4d627675fb069ebdb422cf72b2fb7413b5bffef0407bb462b336b77c78974",
    "sender": "0xa550c18",
    "sequence_number": "17",
    "max_gas_amount": "1000",
    "gas_unit_price": "0",
    "gas_currency_code": "XUS",
    "expiration_timestamp_secs": "18446744073709551615",
    "payload": {
      "type": "script_function_payload",
      "function": "0x1::AptosAccount::create_account",
      "type_arguments": [],
      "arguments": [
        "0x66456c6c26ed271769be71ec85920331",
        "0x9c9827b0f7be2e218b24c7a5d57bf168341a3af5e7ac388c53e56aaf27920b7400"
      ]
    },
    "signature": {
      "type": "ed25519_signature",
      "public_key": "0xb9c6ee1630ef3e711144a648db06bbb2284f7274cfbee53ffcee503cc1a49200",
      "signature": "0x5c277ad1b144ce183ea35cb3886b41762f3ada5a6acdc6ef1d6278d8fe494081e9da6729c73cd4b4c3276391655d622a70fb0992712789a898bbc094c3683900"
    },
    "events": [],
    "timestamp": "18"
  },
  {
    "type": "block_metadata_transaction",
    "version": "37",
    "hash": "0xa155e400857a3922185e253ce4fbdd80feb2cfa1a4a61a155fc27dd5e2eff968",
    "state_root_hash": "0x719ffb1f57ffb40bbc118bdc9b790d3922d5bc543ff6502e06465966944d5329",
    "event_root_hash": "0xe91a4411a911ff65cdb5cee2b1358e49b4a63923fe53742fa1dc52482b5ffca8",
    "gas_used": "0",
    "success": true,
    "vm_status": "Executed successfully",
    "accumulator_root_hash": "0x49f5a1dca2276955c676f3aab88f722cfcb38216d1a8b3cbc92405341ab4ccd8",
    "id": "0x2af5203112331adc2ed6f402dca396bfe6dfa3ac8a57ea08860870fd515cf7ca",
    "round": "1",
    "previous_block_votes": [],
    "proposer": "0x652f27413456938eaa059f65231647cc",
    "timestamp": "19"
  },
  {
    "type": "user_transaction",
    "version": "38",
    "hash": "0xac60179e50c141667c3808373dfef221b3305b15fcfebd46961bf73771e67154",
    "state_root_hash": "0x5720bcd4804b273e31d7f4a80096f12329d6428d1c4aeb95048b5bf2c7f4e004",
    "event_root_hash": "0x414343554d554c41544f525f504c414345484f4c4445525f4841534800000000",
    "gas_used": "412",
    "success": true,
    "vm_status": "Executed successfully",
    "accumulator_root_hash": "0x4626cb74a53eb8d749e08b60a6d806a3aab771a1a1c278cb506003d6fe52259f",
    "sender": "0xa550c18",
    "sequence_number": "18",
    "max_gas_amount": "1000",
    "gas_unit_price": "0",
    "gas_currency_code": "XUS",
    "expiration_timestamp_secs": "18446744073709551615",
    "payload": {
      "type": "script_function_payload",
      "function": "0x1::AptosAccount::create_account",
      "type_arguments": [],
      "arguments": [
        "0xbd7c2167f944102d2dd80ab33f8491b2",
        "0xfb5f4f73cc982308deb015312469a59aaeda43d1f41f988effa09df3050a6d1e00"
      ]
    },
    "signature": {
      "type": "ed25519_signature",
      "public_key": "0xb9c6ee1630ef3e711144a648db06bbb2284f7274cfbee53ffcee503cc1a49200",
      "signature": "0x60411fa38a48d7250d5a913c8d010348cace97e99d718b95d309b3f0f5eedcb7b34deb8c0baa1d9a1a4ddf137f388af63674d7aee6eac577881eb8f56a43060a"
    },
    "events": [],
    "timestamp": "19"
  },
  {
    "type": "block_metadata_transaction",
    "version": "39",
    "hash": "0x4fed55708ccd56d41ad80d5ab44f5bf678fb1ca731fbb75e65230a8aacee3a0d",
    "state_root_hash": "0x7b7cb90bc616a5a5ba3678b3f004a6003dd75403ab7aa8a81aa36d868e98cf8c",
    "event_root_hash": "0x911ae0efce757e441d6cd6e6d2e9b5e12ef0fbe670d3635e8a5b88583863725a",
    "gas_used": "0",
    "success": true,
    "vm_status": "Executed successfully",
    "accumulator_root_hash": "0x13eabd27828c728337a7e4f85c699c73b877897057be232f088c9a190296ab21",
    "id": "0xe451cd3c364076623c0231898be0722c08e4eb229c44cb957d29cf7370af8a1b",
    "round": "1",
    "previous_block_votes": [],
    "proposer": "0x652f27413456938eaa059f65231647cc",
    "timestamp": "20"
  }
]
