{
  "type": "user_transaction",
  "version": "2",
  "hash": "0x068b7171b72a144c0dda8460ab7c14b95308a33f6a1b71dff8076bbf63ede87c",
  "state_root_hash": "0xe494b93d6cddb5faf3b814fbb203a372c972dd15aac6ac43348c79abee952472",
  "event_root_hash": "0x414343554d554c41544f525f504c414345484f4c4445525f4841534800000000",
  "gas_used": "1",
  "success": false,
  "vm_status": "Move bytecode deserialization / verification failed, including script function not found or invalid arguments",
  "accumulator_root_hash": "0x530b83664b15a38feb4110595b9c3562ae04061e5f993476b131d7d06de64d98",
  "sender": "0xa550c18",
  "sequence_number": "0",
  "max_gas_amount": "1000",
  "gas_unit_price": "0",
  "gas_currency_code": "XUS",
  "expiration_timestamp_secs": "18446744073709551615",
  "payload": {
    "type": "script_function_payload",
    "function": "0x1::TestCoinInvalid::transfer",
    "type_arguments": [],
    "arguments": [
      "0x000000000000000000000000000000dd",
      "0x0100000000000000"
    ]
  },
  "signature": {
    "type": "ed25519_signature",
    "public_key": "0xb9c6ee1630ef3e711144a648db06bbb2284f7274cfbee53ffcee503cc1a49200",
    "signature": "0x7500425461b97f791cd2c51144c0808818be0112f02cf40dd0e1d5e9108d61b02009bb5d13b1d3d8c956c9ca50b8cd6769a616e9430c935d04cd17ca04b75103"
  },
  "events": [],
  "timestamp": "1"
}
