{
  "type": "user_transaction",
  "version": "2",
  "hash": "0x859f7cb227645db8c149e77750216dc729de4185c4397803f522e8a6b3605253",
  "state_root_hash": "0xe494b93d6cddb5faf3b814fbb203a372c972dd15aac6ac43348c79abee952472",
  "event_root_hash": "0x414343554d554c41544f525f504c414345484f4c4445525f4841534800000000",
  "gas_used": "1",
  "success": false,
  "vm_status": "Move bytecode deserialization / verification failed, including script function not found or invalid arguments",
  "accumulator_root_hash": "0xf407fe53166bb380a7acb30ec32adeb17bcdd05b2372f23cc6f1eae82452cc40",
  "sender": "0xa550c18",
  "sequence_number": "0",
  "max_gas_amount": "1000",
  "gas_unit_price": "0",
  "gas_currency_code": "XUS",
  "expiration_timestamp_secs": "18446744073709551615",
  "payload": {
    "type": "script_function_payload",
    "function": "0x1::TestCoin::transfer_invalid",
    "type_arguments": [],
    "arguments": [
      "0x000000000000000000000000000000dd",
      "0x0100000000000000"
    ]
  },
  "signature": {
    "type": "ed25519_signature",
    "public_key": "0xb9c6ee1630ef3e711144a648db06bbb2284f7274cfbee53ffcee503cc1a49200",
    "signature": "0x11b086ad8050a65775328c8d9713d7b7576475cd00a3825f6020c0634189639a19a73daddcd88b24f8a4b20cc4429e821445103a01468f48ef1155b89fcad507"
  },
  "events": [],
  "timestamp": "1"
}
