[
  {
    "type": "block_metadata_transaction",
    "version": "1",
    "hash": "0x4713d577c835382e6b2ccb496595f7af6476f7277389e0c9ab290288cadf20a8",
    "state_root_hash": "0xb7543c2d4f63fb35fff70a8904c3645cdf1a3f62f6d2664c43182ca2b80d0b3a",
    "event_root_hash": "0xbf2bc789a83ba627b41caef795917152790ff6c97fe48606c23f7617e3b695c7",
    "gas_used": "0",
    "success": true,
    "vm_status": "Executed successfully",
    "accumulator_root_hash": "0xce600d9932f602c051b6633c3f90a63bb293531d2b3ce7c48fac123a0c913aa5",
    "id": "0xf44b581f23222c10916b17a369b4da039d075952b58036f2a7b561446592403c",
    "round": "1",
    "previous_block_votes": [],
    "proposer": "0x652f27413456938eaa059f65231647cc",
    "timestamp": "1"
  },
  {
    "type": "user_transaction",
    "version": "2",
    "hash": "0xe5cfb5b362c05ff993d5104d157ae3108a5760d43eab7bbbb9dd0aa42d9945c6",
    "state_root_hash": "0x0f93191239c27cee9a98a87c6de5a98b646832a4670f13000f21c9c79031a5b1",
    "event_root_hash": "0x414343554d554c41544f525f504c414345484f4c4445525f4841534800000000",
    "gas_used": "412",
    "success": true,
    "vm_status": "Executed successfully",
    "accumulator_root_hash": "0x601ae981b3fb7302ad88d55f8898974cfe1519cff629c4835c68db6c478f09ff",
    "sender": "0xa550c18",
    "sequence_number": "0",
    "max_gas_amount": "1000",
    "gas_unit_price": "0",
    "gas_currency_code": "XUS",
    "expiration_timestamp_secs": "18446744073709551615",
    "payload": {
      "type": "script_function_payload",
      "function": "0x1::AptosAccount::create_account",
      "type_arguments": [],
      "arguments": [
        "0x62f8f9148c207643864d7ed4a2b23159",
        "0xafb4905e9550cf462a82007824a055d975ae934470c477d9ddbb6d2b264c36fa00"
      ]
    },
    "signature": {
      "type": "ed25519_signature",
      "public_key": "0xb9c6ee1630ef3e711144a648db06bbb2284f7274cfbee53ffcee503cc1a49200",
      "signature": "0x3ee3912934c3137e9a46f27c3f74b6dec910eec2f2ff566951ac989b01470635dcde0b063fb7777b5a52f5e66dc78e9f12303f0d249cfed92c30cdcf89ef0509"
    },
    "events": [],
    "timestamp": "1"
  }
]
