{
  "type": "user_transaction",
  "version": "2",
  "hash": "0xe58e229bc8dc107f9495127e81f8ea755ae1749651f6dd544a8ed3502f4376f3",
  "state_root_hash": "0xe494b93d6cddb5faf3b814fbb203a372c972dd15aac6ac43348c79abee952472",
  "event_root_hash": "0x414343554d554c41544f525f504c414345484f4c4445525f4841534800000000",
  "gas_used": "1",
  "success": false,
  "vm_status": "Move bytecode deserialization / verification failed, including script function not found or invalid arguments",
  "accumulator_root_hash": "0xc223f660aadee72cbb4393c5e81201e232173d9db0f894648e9cdbb1f8ebe5d7",
  "sender": "0xa550c18",
  "sequence_number": "0",
  "max_gas_amount": "1000",
  "gas_unit_price": "0",
  "gas_currency_code": "XUS",
  "expiration_timestamp_secs": "18446744073709551615",
  "payload": {
    "type": "script_payload",
    "code": {
      "bytecode": "0xa11ceb0b030000",
      "abi": null
    },
    "type_arguments": [],
    "arguments": []
  },
  "signature": {
    "type": "ed25519_signature",
    "public_key": "0xb9c6ee1630ef3e711144a648db06bbb2284f7274cfbee53ffcee503cc1a49200",
    "signature": "0x34e046025b865656170be51e9b359e47f871d2b2168b15bcf4698a3018836cb5a16455af79e82e95010dac8f654a5c2146206f9bce0935ce734ed098648e6c0f"
  },
  "events": [],
  "timestamp": "1"
}
